  Geri y├╝klenecek projeler belirleniyor...
  Geri y├╝kleme i├ğin t├╝m projeler g├╝ncel.
C:\Users\Admin\Desktop\Genel Projeler\lightBoxTabela\lightboxSistem\backend\Models\Member.cs(13,27): warning CS8618: Null atanamaz ├Âzellik 'MembershipType', olu┼şturucudan ├ğ─▒k─▒┼ş yaparken null olmayan bir de─şer i├ğermelidir. 'Gerekli' de─şi┼ştiricisini ekleyin veya ├Âzellik de─şerini null atanabilir olarak bildirmeyi g├Âz ├Ân├╝nde bulundurun. [C:\Users\Admin\Desktop\Genel Projeler\lightBoxTabela\lightboxSistem\backend\LightboxBackend.csproj]
C:\Users\Admin\Desktop\Genel Projeler\lightBoxTabela\lightboxSistem\backend\Controllers\AuthController.cs(22,27): warning CS8618: Null atanamaz ├Âzellik 'Username', olu┼şturucudan ├ğ─▒k─▒┼ş yaparken null olmayan bir de─şer i├ğermelidir. 'Gerekli' de─şi┼ştiricisini ekleyin veya ├Âzellik de─şerini null atanabilir olarak bildirmeyi g├Âz ├Ân├╝nde bulundurun. [C:\Users\Admin\Desktop\Genel Projeler\lightBoxTabela\lightboxSistem\backend\LightboxBackend.csproj]
C:\Users\Admin\Desktop\Genel Projeler\lightBoxTabela\lightboxSistem\backend\Controllers\AuthController.cs(23,27): warning CS8618: Null atanamaz ├Âzellik 'Password', olu┼şturucudan ├ğ─▒k─▒┼ş yaparken null olmayan bir de─şer i├ğermelidir. 'Gerekli' de─şi┼ştiricisini ekleyin veya ├Âzellik de─şerini null atanabilir olarak bildirmeyi g├Âz ├Ân├╝nde bulundurun. [C:\Users\Admin\Desktop\Genel Projeler\lightBoxTabela\lightboxSistem\backend\LightboxBackend.csproj]
C:\Users\Admin\Desktop\Genel Projeler\lightBoxTabela\lightboxSistem\backend\Controllers\CalculationController.cs(59,19): warning CS8618: Null atanamaz ├Âzellik 'Profile', olu┼şturucudan ├ğ─▒k─▒┼ş yaparken null olmayan bir de─şer i├ğermelidir. 'Gerekli' de─şi┼ştiricisini ekleyin veya ├Âzellik de─şerini null atanabilir olarak bildirmeyi g├Âz ├Ân├╝nde bulundurun. [C:\Users\Admin\Desktop\Genel Projeler\lightBoxTabela\lightboxSistem\backend\LightboxBackend.csproj]
C:\Users\Admin\Desktop\Genel Projeler\lightBoxTabela\lightboxSistem\backend\Controllers\CalculationController.cs(60,19): warning CS8618: Null atanamaz ├Âzellik 'LedType', olu┼şturucudan ├ğ─▒k─▒┼ş yaparken null olmayan bir de─şer i├ğermelidir. 'Gerekli' de─şi┼ştiricisini ekleyin veya ├Âzellik de─şerini null atanabilir olarak bildirmeyi g├Âz ├Ân├╝nde bulundurun. [C:\Users\Admin\Desktop\Genel Projeler\lightBoxTabela\lightboxSistem\backend\LightboxBackend.csproj]
C:\Users\Admin\Desktop\Genel Projeler\lightBoxTabela\lightboxSistem\backend\Controllers\CalculationController.cs(61,19): warning CS8618: Null atanamaz ├Âzellik 'Backplate', olu┼şturucudan ├ğ─▒k─▒┼ş yaparken null olmayan bir de─şer i├ğermelidir. 'Gerekli' de─şi┼ştiricisini ekleyin veya ├Âzellik de─şerini null atanabilir olarak bildirmeyi g├Âz ├Ân├╝nde bulundurun. [C:\Users\Admin\Desktop\Genel Projeler\lightBoxTabela\lightboxSistem\backend\LightboxBackend.csproj]
C:\Users\Admin\Desktop\Genel Projeler\lightBoxTabela\lightboxSistem\backend\Controllers\SpinWheelController.cs(86,23): warning CS8618: Null atanamaz ├Âzellik 'PhoneNumber', olu┼şturucudan ├ğ─▒k─▒┼ş yaparken null olmayan bir de─şer i├ğermelidir. 'Gerekli' de─şi┼ştiricisini ekleyin veya ├Âzellik de─şerini null atanabilir olarak bildirmeyi g├Âz ├Ân├╝nde bulundurun. [C:\Users\Admin\Desktop\Genel Projeler\lightBoxTabela\lightboxSistem\backend\LightboxBackend.csproj]
C:\Users\Admin\Desktop\Genel Projeler\lightBoxTabela\lightboxSistem\backend\Controllers\MembershipController.cs(66,23): warning CS8618: Null atanamaz ├Âzellik 'FullName', olu┼şturucudan ├ğ─▒k─▒┼ş yaparken null olmayan bir de─şer i├ğermelidir. 'Gerekli' de─şi┼ştiricisini ekleyin veya ├Âzellik de─şerini null atanabilir olarak bildirmeyi g├Âz ├Ân├╝nde bulundurun. [C:\Users\Admin\Desktop\Genel Projeler\lightBoxTabela\lightboxSistem\backend\LightboxBackend.csproj]
C:\Users\Admin\Desktop\Genel Projeler\lightBoxTabela\lightboxSistem\backend\Controllers\MembershipController.cs(67,23): warning CS8618: Null atanamaz ├Âzellik 'PhoneNumber', olu┼şturucudan ├ğ─▒k─▒┼ş yaparken null olmayan bir de─şer i├ğermelidir. 'Gerekli' de─şi┼ştiricisini ekleyin veya ├Âzellik de─şerini null atanabilir olarak bildirmeyi g├Âz ├Ân├╝nde bulundurun. [C:\Users\Admin\Desktop\Genel Projeler\lightBoxTabela\lightboxSistem\backend\LightboxBackend.csproj]
C:\Users\Admin\Desktop\Genel Projeler\lightBoxTabela\lightboxSistem\backend\Controllers\MembershipController.cs(68,23): warning CS8618: Null atanamaz ├Âzellik 'CompanyName', olu┼şturucudan ├ğ─▒k─▒┼ş yaparken null olmayan bir de─şer i├ğermelidir. 'Gerekli' de─şi┼ştiricisini ekleyin veya ├Âzellik de─şerini null atanabilir olarak bildirmeyi g├Âz ├Ân├╝nde bulundurun. [C:\Users\Admin\Desktop\Genel Projeler\lightBoxTabela\lightboxSistem\backend\LightboxBackend.csproj]
C:\Users\Admin\Desktop\Genel Projeler\lightBoxTabela\lightboxSistem\backend\Controllers\SpinWheelController.cs(117,33): warning CS8600: Null sabit de─şeri veya olas─▒ null de─şeri, bo┼ş de─şer atanamaz t├╝re d├Ân├╝┼şt├╝r├╝l├╝yor. [C:\Users\Admin\Desktop\Genel Projeler\lightBoxTabela\lightboxSistem\backend\LightboxBackend.csproj]
C:\Users\Admin\Desktop\Genel Projeler\lightBoxTabela\lightboxSistem\backend\Controllers\SpinWheelController.cs(160,23): warning CS8618: Null atanamaz ├Âzellik 'Code', olu┼şturucudan ├ğ─▒k─▒┼ş yaparken null olmayan bir de─şer i├ğermelidir. 'Gerekli' de─şi┼ştiricisini ekleyin veya ├Âzellik de─şerini null atanabilir olarak bildirmeyi g├Âz ├Ân├╝nde bulundurun. [C:\Users\Admin\Desktop\Genel Projeler\lightBoxTabela\lightboxSistem\backend\LightboxBackend.csproj]
C:\Users\Admin\Desktop\Genel Projeler\lightBoxTabela\lightboxSistem\backend\Controllers\SpinWheelController.cs(161,23): warning CS8618: Null atanamaz ├Âzellik 'PhoneNumber', olu┼şturucudan ├ğ─▒k─▒┼ş yaparken null olmayan bir de─şer i├ğermelidir. 'Gerekli' de─şi┼ştiricisini ekleyin veya ├Âzellik de─şerini null atanabilir olarak bildirmeyi g├Âz ├Ân├╝nde bulundurun. [C:\Users\Admin\Desktop\Genel Projeler\lightBoxTabela\lightboxSistem\backend\LightboxBackend.csproj]
C:\Users\Admin\Desktop\Genel Projeler\lightBoxTabela\lightboxSistem\backend\Services\PricingCalculationService.cs(110,33): warning CS8602: Olas─▒ bir null ba┼şvurunun ba┼şvurma i┼şlemi. [C:\Users\Admin\Desktop\Genel Projeler\lightBoxTabela\lightboxSistem\backend\LightboxBackend.csproj]
  LightboxBackend -> C:\Users\Admin\Desktop\Genel Projeler\lightBoxTabela\lightboxSistem\backend\bin\Debug\net8.0\LightboxBackend.dll

Olu┼şturma ba┼şar─▒l─▒ oldu.

C:\Users\Admin\Desktop\Genel Projeler\lightBoxTabela\lightboxSistem\backend\Models\Member.cs(13,27): warning CS8618: Null atanamaz ├Âzellik 'MembershipType', olu┼şturucudan ├ğ─▒k─▒┼ş yaparken null olmayan bir de─şer i├ğermelidir. 'Gerekli' de─şi┼ştiricisini ekleyin veya ├Âzellik de─şerini null atanabilir olarak bildirmeyi g├Âz ├Ân├╝nde bulundurun. [C:\Users\Admin\Desktop\Genel Projeler\lightBoxTabela\lightboxSistem\backend\LightboxBackend.csproj]
C:\Users\Admin\Desktop\Genel Projeler\lightBoxTabela\lightboxSistem\backend\Controllers\AuthController.cs(22,27): warning CS8618: Null atanamaz ├Âzellik 'Username', olu┼şturucudan ├ğ─▒k─▒┼ş yaparken null olmayan bir de─şer i├ğermelidir. 'Gerekli' de─şi┼ştiricisini ekleyin veya ├Âzellik de─şerini null atanabilir olarak bildirmeyi g├Âz ├Ân├╝nde bulundurun. [C:\Users\Admin\Desktop\Genel Projeler\lightBoxTabela\lightboxSistem\backend\LightboxBackend.csproj]
C:\Users\Admin\Desktop\Genel Projeler\lightBoxTabela\lightboxSistem\backend\Controllers\AuthController.cs(23,27): warning CS8618: Null atanamaz ├Âzellik 'Password', olu┼şturucudan ├ğ─▒k─▒┼ş yaparken null olmayan bir de─şer i├ğermelidir. 'Gerekli' de─şi┼ştiricisini ekleyin veya ├Âzellik de─şerini null atanabilir olarak bildirmeyi g├Âz ├Ân├╝nde bulundurun. [C:\Users\Admin\Desktop\Genel Projeler\lightBoxTabela\lightboxSistem\backend\LightboxBackend.csproj]
C:\Users\Admin\Desktop\Genel Projeler\lightBoxTabela\lightboxSistem\backend\Controllers\CalculationController.cs(59,19): warning CS8618: Null atanamaz ├Âzellik 'Profile', olu┼şturucudan ├ğ─▒k─▒┼ş yaparken null olmayan bir de─şer i├ğermelidir. 'Gerekli' de─şi┼ştiricisini ekleyin veya ├Âzellik de─şerini null atanabilir olarak bildirmeyi g├Âz ├Ân├╝nde bulundurun. [C:\Users\Admin\Desktop\Genel Projeler\lightBoxTabela\lightboxSistem\backend\LightboxBackend.csproj]
C:\Users\Admin\Desktop\Genel Projeler\lightBoxTabela\lightboxSistem\backend\Controllers\CalculationController.cs(60,19): warning CS8618: Null atanamaz ├Âzellik 'LedType', olu┼şturucudan ├ğ─▒k─▒┼ş yaparken null olmayan bir de─şer i├ğermelidir. 'Gerekli' de─şi┼ştiricisini ekleyin veya ├Âzellik de─şerini null atanabilir olarak bildirmeyi g├Âz ├Ân├╝nde bulundurun. [C:\Users\Admin\Desktop\Genel Projeler\lightBoxTabela\lightboxSistem\backend\LightboxBackend.csproj]
C:\Users\Admin\Desktop\Genel Projeler\lightBoxTabela\lightboxSistem\backend\Controllers\CalculationController.cs(61,19): warning CS8618: Null atanamaz ├Âzellik 'Backplate', olu┼şturucudan ├ğ─▒k─▒┼ş yaparken null olmayan bir de─şer i├ğermelidir. 'Gerekli' de─şi┼ştiricisini ekleyin veya ├Âzellik de─şerini null atanabilir olarak bildirmeyi g├Âz ├Ân├╝nde bulundurun. [C:\Users\Admin\Desktop\Genel Projeler\lightBoxTabela\lightboxSistem\backend\LightboxBackend.csproj]
C:\Users\Admin\Desktop\Genel Projeler\lightBoxTabela\lightboxSistem\backend\Controllers\SpinWheelController.cs(86,23): warning CS8618: Null atanamaz ├Âzellik 'PhoneNumber', olu┼şturucudan ├ğ─▒k─▒┼ş yaparken null olmayan bir de─şer i├ğermelidir. 'Gerekli' de─şi┼ştiricisini ekleyin veya ├Âzellik de─şerini null atanabilir olarak bildirmeyi g├Âz ├Ân├╝nde bulundurun. [C:\Users\Admin\Desktop\Genel Projeler\lightBoxTabela\lightboxSistem\backend\LightboxBackend.csproj]
C:\Users\Admin\Desktop\Genel Projeler\lightBoxTabela\lightboxSistem\backend\Controllers\MembershipController.cs(66,23): warning CS8618: Null atanamaz ├Âzellik 'FullName', olu┼şturucudan ├ğ─▒k─▒┼ş yaparken null olmayan bir de─şer i├ğermelidir. 'Gerekli' de─şi┼ştiricisini ekleyin veya ├Âzellik de─şerini null atanabilir olarak bildirmeyi g├Âz ├Ân├╝nde bulundurun. [C:\Users\Admin\Desktop\Genel Projeler\lightBoxTabela\lightboxSistem\backend\LightboxBackend.csproj]
C:\Users\Admin\Desktop\Genel Projeler\lightBoxTabela\lightboxSistem\backend\Controllers\MembershipController.cs(67,23): warning CS8618: Null atanamaz ├Âzellik 'PhoneNumber', olu┼şturucudan ├ğ─▒k─▒┼ş yaparken null olmayan bir de─şer i├ğermelidir. 'Gerekli' de─şi┼ştiricisini ekleyin veya ├Âzellik de─şerini null atanabilir olarak bildirmeyi g├Âz ├Ân├╝nde bulundurun. [C:\Users\Admin\Desktop\Genel Projeler\lightBoxTabela\lightboxSistem\backend\LightboxBackend.csproj]
C:\Users\Admin\Desktop\Genel Projeler\lightBoxTabela\lightboxSistem\backend\Controllers\MembershipController.cs(68,23): warning CS8618: Null atanamaz ├Âzellik 'CompanyName', olu┼şturucudan ├ğ─▒k─▒┼ş yaparken null olmayan bir de─şer i├ğermelidir. 'Gerekli' de─şi┼ştiricisini ekleyin veya ├Âzellik de─şerini null atanabilir olarak bildirmeyi g├Âz ├Ân├╝nde bulundurun. [C:\Users\Admin\Desktop\Genel Projeler\lightBoxTabela\lightboxSistem\backend\LightboxBackend.csproj]
C:\Users\Admin\Desktop\Genel Projeler\lightBoxTabela\lightboxSistem\backend\Controllers\SpinWheelController.cs(117,33): warning CS8600: Null sabit de─şeri veya olas─▒ null de─şeri, bo┼ş de─şer atanamaz t├╝re d├Ân├╝┼şt├╝r├╝l├╝yor. [C:\Users\Admin\Desktop\Genel Projeler\lightBoxTabela\lightboxSistem\backend\LightboxBackend.csproj]
C:\Users\Admin\Desktop\Genel Projeler\lightBoxTabela\lightboxSistem\backend\Controllers\SpinWheelController.cs(160,23): warning CS8618: Null atanamaz ├Âzellik 'Code', olu┼şturucudan ├ğ─▒k─▒┼ş yaparken null olmayan bir de─şer i├ğermelidir. 'Gerekli' de─şi┼ştiricisini ekleyin veya ├Âzellik de─şerini null atanabilir olarak bildirmeyi g├Âz ├Ân├╝nde bulundurun. [C:\Users\Admin\Desktop\Genel Projeler\lightBoxTabela\lightboxSistem\backend\LightboxBackend.csproj]
C:\Users\Admin\Desktop\Genel Projeler\lightBoxTabela\lightboxSistem\backend\Controllers\SpinWheelController.cs(161,23): warning CS8618: Null atanamaz ├Âzellik 'PhoneNumber', olu┼şturucudan ├ğ─▒k─▒┼ş yaparken null olmayan bir de─şer i├ğermelidir. 'Gerekli' de─şi┼ştiricisini ekleyin veya ├Âzellik de─şerini null atanabilir olarak bildirmeyi g├Âz ├Ân├╝nde bulundurun. [C:\Users\Admin\Desktop\Genel Projeler\lightBoxTabela\lightboxSistem\backend\LightboxBackend.csproj]
C:\Users\Admin\Desktop\Genel Projeler\lightBoxTabela\lightboxSistem\backend\Services\PricingCalculationService.cs(110,33): warning CS8602: Olas─▒ bir null ba┼şvurunun ba┼şvurma i┼şlemi. [C:\Users\Admin\Desktop\Genel Projeler\lightBoxTabela\lightboxSistem\backend\LightboxBackend.csproj]
    14 Uyar─▒
    0 Hata

Ge├ğen S├╝re 00:00:01.84
